**********************
Windows PowerShell transcript start
Start time: 20260923142440
Username: NMG\Administrator
RunAs User: NMG\Administrator
Configuration Name: 
Machine: WIN-TMQ05CA0GMT (Microsoft Windows NT 10.0.17763.0)
Host Application: C:\Windows\system32\WindowsPowerShell\v1.0\PowerShell_ISE.exe
Process ID: 6708
PSVersion: 5.1.17763.2931
PSEdition: Desktop
PSCompatibleVersions: 1.0, 2.0, 3.0, 4.0, 5.0, 5.1.17763.2931
BuildVersion: 10.0.17763.2931
CLRVersion: 4.0.30319.42000
WSManStackVersion: 3.0
PSRemotingProtocolVersion: 2.3
SerializationVersion: 1.1.0.1
**********************

  DISABLE-NMGUSER
  Target : dwhitlock
  Ticket : NMG-0214
  Run by : Administrator

  All checks passed for Denise Whitlock
  Captured 2 memberships
  Verified 2 memberships on disk
  Disabled and stamped.
  Removed: Operations-Users

  Removed : 1
  Moved to quarantine.

  Account  : Denise Whitlock (dwhitlock)
  Ticket   : NMG-0214
  Enabled  : False
  Groups   : 0
  Location : CN=Denise Whitlock,OU=Disabled Users,DC=NMG,DC=com
  Evidence : C:\Reports\Offboarding

**********************
Windows PowerShell transcript end
End time: 20260923142441
**********************
