**********************
Windows PowerShell transcript start
Start time: 20260918122715
Username: NMG\Administrator
RunAs User: NMG\Administrator
Configuration Name: 
Machine: WIN-TMQ05CA0GMT (Microsoft Windows NT 10.0.17763.0)
Host Application: C:\Windows\system32\WindowsPowerShell\v1.0\PowerShell_ISE.exe
Process ID: 4268
PSVersion: 5.1.17763.2931
PSEdition: Desktop
PSCompatibleVersions: 1.0, 2.0, 3.0, 4.0, 5.0, 5.1.17763.2931
BuildVersion: 10.0.17763.2931
CLRVersion: 4.0.30319.42000
WSManStackVersion: 3.0
PSRemotingProtocolVersion: 2.3
SerializationVersion: 1.1.0.1
**********************

  DISABLE-NMGUSER
  Target : hgrady
  Ticket : NMG-0211
  Run by : Administrator

  All checks passed for Harold Grady
  Captured 2 memberships
  Disabled and stamped.

  Account  : Harold Grady (hgrady)
  Ticket   : NMG-0211
  Evidence : C:\Reports\Offboarding
  Log      : C:\nmg-identity-automation\Logs

**********************
Windows PowerShell transcript end
End time: 20260918122715
**********************
